[2025-07-19T17:32:41.221Z] INFO: 🚀 Edgenius backend running at http://localhost:8000
[2025-07-19T17:33:10.388Z] INFO: GET / 200 28 - 1.753 ms
[2025-07-19T17:33:10.440Z] INFO: GET /favicon.ico 404 150 - 2.558 ms
[2025-07-19T17:33:20.301Z] INFO: GET / 304 - - 0.453 ms
[2025-07-19T17:33:21.701Z] INFO: GET / 304 - - 0.276 ms
[2025-07-19T18:29:23.994Z] INFO: 🚀 Edgenius backend running at http://localhost:8000
[2025-07-19T18:37:54.109Z] INFO: 🚀 Edgenius backend running at http://localhost:8000
[2025-07-19T18:45:55.001Z] INFO: 🚀 Edgenius backend running at http://localhost:8000
[2025-07-19T18:46:06.850Z] INFO: 🚀 Edgenius backend running at http://localhost:8000
[2025-07-19T18:54:03.541Z] INFO: 🚀 Edgenius backend running at http://localhost:8000
[2025-07-19T18:57:05.623Z] INFO: 🚀 Edgenius backend running at http://localhost:8000
[2025-07-19T18:57:17.689Z] INFO: GET / 304 - - 2.573 ms
[2025-07-19T18:57:17.739Z] INFO: GET /favicon.ico 404 150 - 1.753 ms
[2025-07-20T05:40:33.905Z] INFO: 🚀 Edgenius backend running at http://localhost:8000
[2025-07-20T07:16:48.395Z] INFO: 🚀 Edgenius backend running at http://localhost:8000
[2025-07-20T11:52:31.644Z] INFO: 🚀 Edgenius backend running at http://localhost:8000
[2025-07-20T16:00:33.791Z] INFO: 🚀 Edgenius backend running at http://localhost:8000
[2025-07-20T17:33:28.254Z] INFO: 🚀 Edgenius backend running at http://localhost:8000
[2025-07-21T03:04:05.185Z] INFO: 🚀 Edgenius backend running at http://localhost:8000
[2025-07-22T02:27:18.157Z] INFO: 🚀 Edgenius backend running at http://localhost:8000
[2025-07-22T03:00:46.996Z] INFO: 🚀 Edgenius backend running at http://localhost:8000
[2025-07-22T14:20:42.523Z] INFO: 🚀 Edgenius backend running at http://localhost:8000
[2025-07-22T16:39:06.759Z] INFO: 🚀 Edgenius backend running at http://localhost:8000
[2025-07-22T18:55:28.314Z] INFO: 🚀 Edgenius backend running at http://localhost:8000
[2025-07-22T18:58:00.535Z] INFO: POST /api/auth/signup 500 1147 - 901.380 ms
[2025-07-22T18:58:20.438Z] INFO: 🚀 Edgenius backend running at http://localhost:8000
[2025-07-22T18:58:25.488Z] INFO: 🚀 Edgenius backend running at http://localhost:8000
[2025-07-22T18:58:27.354Z] INFO: 🚀 Edgenius backend running at http://localhost:8000
[2025-07-22T18:58:29.626Z] INFO: 🚀 Edgenius backend running at http://localhost:8000
[2025-07-22T18:58:41.355Z] INFO: 🚀 Edgenius backend running at http://localhost:8000
[2025-07-22T18:58:44.702Z] INFO: 🚀 Edgenius backend running at http://localhost:8000
[2025-07-22T18:58:46.580Z] INFO: 🚀 Edgenius backend running at http://localhost:8000
[2025-07-22T18:58:48.302Z] INFO: 🚀 Edgenius backend running at http://localhost:8000
[2025-07-22T18:58:51.504Z] INFO: POST /api/auth/signup 500 1167 - 948.568 ms
[2025-07-22T18:59:12.907Z] INFO: 🚀 Edgenius backend running at http://localhost:8000
[2025-07-22T18:59:14.040Z] INFO: 🚀 Edgenius backend running at http://localhost:8000
[2025-07-22T18:59:18.446Z] INFO: POST /api/auth/signup 500 78 - 1477.767 ms
[2025-07-22T18:59:39.445Z] INFO: 🚀 Edgenius backend running at http://localhost:8000
[2025-07-22T18:59:46.517Z] INFO: POST /api/auth/signup 409 114 - 606.322 ms
[2025-07-22T19:01:14.813Z] INFO: 🚀 Edgenius backend running at http://localhost:8000
[2025-07-22T19:02:42.064Z] INFO: 🚀 Edgenius backend running at http://localhost:8000
[2025-07-22T19:02:48.696Z] INFO: 🚀 Edgenius backend running at http://localhost:8000
[2025-07-22T19:02:53.165Z] INFO: 🚀 Edgenius backend running at http://localhost:8000
[2025-07-22T19:02:56.638Z] INFO: 🚀 Edgenius backend running at http://localhost:8000
[2025-07-22T19:02:58.561Z] INFO: 🚀 Edgenius backend running at http://localhost:8000
[2025-07-22T19:03:02.697Z] INFO: 🚀 Edgenius backend running at http://localhost:8000
[2025-07-22T19:03:04.468Z] INFO: 🚀 Edgenius backend running at http://localhost:8000
[2025-07-22T19:03:06.267Z] INFO: 🚀 Edgenius backend running at http://localhost:8000
[2025-07-22T19:03:08.754Z] INFO: 🚀 Edgenius backend running at http://localhost:8000
[2025-07-22T19:03:22.045Z] INFO: POST /api/auth/signup 201 322 - 4959.053 ms
[2025-07-22T19:04:45.862Z] INFO: GET /auth/verify-email/eyJhbGciOiJIUzI1NiIsInR5cCI6IkpXVCJ9.eyJpYXQiOjE3NTMyMTA5OTgsImV4cCI6MTc1MzI5NzM5OH0.x-d-hnddO4kDGH82qW-LK-s_cjBb_H290hQTa2iEZWs 404 285 - 1.100 ms
[2025-07-22T19:06:57.032Z] INFO: 🚀 Edgenius backend running at http://localhost:8000
[2025-07-22T19:07:24.010Z] INFO: 🚀 Edgenius backend running at http://localhost:8000
[2025-07-22T19:07:27.850Z] INFO: 🚀 Edgenius backend running at http://localhost:8000
[2025-07-22T19:07:33.025Z] INFO: 🚀 Edgenius backend running at http://localhost:8000
[2025-07-22T19:07:37.331Z] INFO: 🚀 Edgenius backend running at http://localhost:8000
[2025-07-22T19:08:03.582Z] INFO: 🚀 Edgenius backend running at http://localhost:8000
[2025-07-22T19:08:07.184Z] INFO: 🚀 Edgenius backend running at http://localhost:8000
[2025-07-22T19:08:50.969Z] INFO: POST /api/auth/signup 500 80 - 8890.345 ms
[2025-07-22T19:09:19.364Z] INFO: 🚀 Edgenius backend running at http://localhost:8000
[2025-07-22T19:09:24.908Z] INFO: 🚀 Edgenius backend running at http://localhost:8000
[2025-07-22T19:09:38.451Z] INFO: GET /api/auth/verify-email/eyJhbGciOiJIUzI1NiIsInR5cCI6IkpXVCJ9.eyJpYXQiOjE3NTMyMTEzMjMsImV4cCI6MTc1MzI5NzcyM30.THObZGozKZwceb3C8pUXMkhUHZDUpkZ4ES06OQ3AiwY 500 993 - 507.765 ms
[2025-07-22T19:09:38.503Z] INFO: GET /favicon.ico 404 150 - 1.137 ms
[2025-07-23T02:41:06.909Z] INFO: 🚀 Edgenius backend running at http://localhost:8000
[2025-07-23T02:41:31.282Z] INFO: POST /api/auth/signup 500 603 - 5062.471 ms
[2025-07-23T02:42:04.390Z] INFO: POST /api/auth/signup 201 412 - 21782.767 ms
[2025-07-23T02:42:27.595Z] INFO: GET /favicon.ico 404 150 - 1.512 ms
[2025-07-23T02:42:39.159Z] INFO: GET /api/auth/verify-email/eyJhbGciOiJIUzI1NiIsInR5cCI6IkpXVCJ9.eyJpYXQiOjE3NTMyMzg1MDMsImV4cCI6MTc1MzMyNDkwM30.9rTgVV7ULJz5NHONAI9wSRT_7m6FsLITvB_fPIwimkA 500 993 - 73.900 ms
[2025-07-23T02:45:46.162Z] INFO: 🚀 Edgenius backend running at http://localhost:8000
[2025-07-23T02:45:49.721Z] INFO: 🚀 Edgenius backend running at http://localhost:8000
[2025-07-23T02:45:52.668Z] INFO: 🚀 Edgenius backend running at http://localhost:8000
[2025-07-23T02:46:42.070Z] INFO: POST /api/auth/signup 201 412 - 9618.548 ms
[2025-07-23T02:46:56.154Z] INFO: GET /api/auth/verify-email/eyJhbGciOiJIUzI1NiIsInR5cCI6IkpXVCJ9.eyJpYXQiOjE3NTMyMzg3OTMsImV4cCI6MTc1MzMyNTE5M30.gCE-RGIBq0Qigw9Dydf0TLWhJ6nBcLDH4iqVGaGkj4E 500 1062 - 243.835 ms
[2025-07-23T02:47:36.127Z] INFO: 🚀 Edgenius backend running at http://localhost:8000
[2025-07-23T02:47:55.774Z] INFO: 🚀 Edgenius backend running at http://localhost:8000
[2025-07-23T02:47:56.361Z] INFO: 🚀 Edgenius backend running at http://localhost:8000
[2025-07-23T02:48:02.876Z] INFO: 🚀 Edgenius backend running at http://localhost:8000
[2025-07-23T02:48:05.865Z] INFO: 🚀 Edgenius backend running at http://localhost:8000
[2025-07-23T02:48:47.797Z] INFO: POST /api/auth/signup 201 412 - 10330.716 ms
[2025-07-23T02:49:28.567Z] INFO: GET /api/auth/verify-email/eyJhbGciOiJIUzI1NiIsInR5cCI6IkpXVCJ9.eyJpYXQiOjE3NTMyMzg5MTgsImV4cCI6MTc1MzMyNTMxOH0.oTnptaaTOKLmKpA3FvZ850i2bQh9iW3vOTisW-LZyC4 200 123 - 715.204 ms
[2025-07-23T03:07:22.247Z] INFO: 🚀 Edgenius backend running at http://localhost:8000
[2025-07-23T03:10:44.259Z] INFO: 🚀 Edgenius backend running at http://localhost:8000
[2025-07-23T03:10:45.640Z] INFO: 🚀 Edgenius backend running at http://localhost:8000
[2025-07-23T03:11:06.554Z] INFO: 🚀 Edgenius backend running at http://localhost:8000
[2025-07-23T03:11:09.332Z] INFO: 🚀 Edgenius backend running at http://localhost:8000
[2025-07-23T03:11:53.245Z] INFO: 🚀 Edgenius backend running at http://localhost:8000
[2025-07-23T03:12:00.247Z] INFO: 🚀 Edgenius backend running at http://localhost:8000
[2025-07-23T03:12:07.342Z] INFO: GET /api/auth/verify-email/eyJhbGciOiJIUzI1NiIsInR5cCI6IkpXVCJ9.eyJpYXQiOjE3NTMyMzg5MTgsImV4cCI6MTc1MzMyNTMxOH0.oTnptaaTOKLmKpA3FvZ850i2bQh9iW3vOTisW-LZyC4 500 1293 - 2.090 ms
[2025-07-23T03:12:31.897Z] INFO: 🚀 Edgenius backend running at http://localhost:8000
[2025-07-23T03:12:34.503Z] INFO: GET /api/auth/verify-email/eyJhbGciOiJIUzI1NiIsInR5cCI6IkpXVCJ9.eyJpYXQiOjE3NTMyMzg5MTgsImV4cCI6MTc1MzMyNTMxOH0.oTnptaaTOKLmKpA3FvZ850i2bQh9iW3vOTisW-LZyC4 500 1357 - 2.703 ms
[2025-07-23T03:13:49.349Z] INFO: 🚀 Edgenius backend running at http://localhost:8000
[2025-07-23T03:13:52.139Z] INFO: 🚀 Edgenius backend running at http://localhost:8000
[2025-07-23T03:13:53.608Z] INFO: 🚀 Edgenius backend running at http://localhost:8000
[2025-07-23T03:13:58.871Z] INFO: GET /api/auth/verify-email/eyJhbGciOiJIUzI1NiIsInR5cCI6IkpXVCJ9.eyJpYXQiOjE3NTMyMzg5MTgsImV4cCI6MTc1MzMyNTMxOH0.oTnptaaTOKLmKpA3FvZ850i2bQh9iW3vOTisW-LZyC4 500 1357 - 2.424 ms
[2025-07-23T03:14:08.477Z] INFO: 🚀 Edgenius backend running at http://localhost:8000
[2025-07-23T03:17:05.343Z] INFO: POST /api/auth/signup 201 412 - 12572.751 ms
[2025-07-23T03:17:49.745Z] INFO: GET /api/auth/verify-email/eyJhbGciOiJIUzI1NiIsInR5cCI6IkpXVCJ9.eyJpYXQiOjE3NTMyNDA2MTMsImV4cCI6MTc1MzMyNzAxM30.6FSzI4FMApVw7JcxHrUad6EKiEso-jB29my0twraamM 500 1357 - 1.862 ms
[2025-07-23T03:19:28.582Z] INFO: 🚀 Edgenius backend running at http://localhost:8000
[2025-07-23T03:19:54.411Z] INFO: 🚀 Edgenius backend running at http://localhost:8000
[2025-07-23T03:20:23.700Z] INFO: GET /api/auth/verify-email/eyJhbGciOiJIUzI1NiIsInR5cCI6IkpXVCJ9.eyJpYXQiOjE3NTMyNDA2MTMsImV4cCI6MTc1MzMyNzAxM30.6FSzI4FMApVw7JcxHrUad6EKiEso-jB29my0twraamM 302 73 - 1057.594 ms
[2025-07-24T03:25:57.580Z] INFO: 🚀 Edgenius backend running at http://localhost:8000
[2025-07-24T03:27:18.946Z] INFO: POST /api/auth/signin 500 409 - 1706.731 ms
[2025-07-24T03:27:51.119Z] INFO: 🚀 Edgenius backend running at http://localhost:8000
[2025-07-24T03:27:55.431Z] INFO: POST /api/auth/signin 200 218 - 1222.936 ms
[2025-07-24T03:31:54.432Z] INFO: 🚀 Edgenius backend running at http://localhost:8000
[2025-07-24T03:31:55.672Z] INFO: 🚀 Edgenius backend running at http://localhost:8000
[2025-07-24T03:31:59.131Z] INFO: 🚀 Edgenius backend running at http://localhost:8000
[2025-07-24T03:32:05.922Z] INFO: 🚀 Edgenius backend running at http://localhost:8000
[2025-07-24T03:32:19.192Z] INFO: 🚀 Edgenius backend running at http://localhost:8000
[2025-07-24T03:32:23.109Z] INFO: 🚀 Edgenius backend running at http://localhost:8000
[2025-07-24T03:32:24.215Z] INFO: 🚀 Edgenius backend running at http://localhost:8000
[2025-07-24T03:33:19.937Z] INFO: 🚀 Edgenius backend running at http://localhost:8000
[2025-07-24T03:33:22.538Z] INFO: 🚀 Edgenius backend running at http://localhost:8000
[2025-07-24T03:33:44.202Z] INFO: 🚀 Edgenius backend running at http://localhost:8000
[2025-07-24T03:33:47.635Z] INFO: 🚀 Edgenius backend running at http://localhost:8000
[2025-07-24T03:33:53.298Z] INFO: 🚀 Edgenius backend running at http://localhost:8000
[2025-07-24T03:34:08.629Z] INFO: 🚀 Edgenius backend running at http://localhost:8000
[2025-07-24T03:34:12.508Z] INFO: 🚀 Edgenius backend running at http://localhost:8000
[2025-07-24T03:34:51.056Z] INFO: POST /api/auth/protected 404 158 - 1.744 ms
[2025-07-24T03:34:57.011Z] INFO: GET /api/auth/protected 401 1337 - 1.257 ms
[2025-07-24T03:35:05.596Z] INFO: POST /api/auth/signin 200 218 - 1695.646 ms
[2025-07-24T03:35:09.482Z] INFO: GET /api/auth/protected 401 1337 - 0.582 ms
[2025-07-24T03:35:39.158Z] INFO: 🚀 Edgenius backend running at http://localhost:8000
[2025-07-24T03:35:41.671Z] INFO: 🚀 Edgenius backend running at http://localhost:8000
[2025-07-24T03:35:44.863Z] INFO: 🚀 Edgenius backend running at http://localhost:8000
[2025-07-24T03:35:46.101Z] INFO: 🚀 Edgenius backend running at http://localhost:8000
[2025-07-24T03:36:09.892Z] INFO: 🚀 Edgenius backend running at http://localhost:8000
[2025-07-24T03:36:13.333Z] INFO: GET /api/auth/protected 200 187 - 3.300 ms
[2025-07-24T03:36:28.801Z] INFO: POST /api/auth/signout 200 52 - 0.721 ms
[2025-07-24T03:36:35.750Z] INFO: GET /api/auth/protected 401 1340 - 2.413 ms
<<<<<<< HEAD
[2025-07-27T06:49:37.156Z] INFO: 🚀 Edgenius backend running at http://localhost:8000
[2025-07-27T06:50:35.900Z] INFO: POST /api/auth/signup 201 614 - 5704.127 ms
[2025-07-27T06:50:53.636Z] INFO: GET /api/auth/verify-email/eyJhbGciOiJIUzI1NiIsInR5cCI6IkpXVCJ9.eyJpYXQiOjE3NTM1OTkwMzEsImV4cCI6MTc1MzY4NTQzMX0.AxUwlqf6DwOAjGXdHPO3-ZksU5GRksFSLYeTE8QbJec 302 73 - 666.325 ms
[2025-07-27T06:50:59.403Z] INFO: POST /api/auth/signin 200 218 - 569.908 ms
[2025-07-27T07:07:21.033Z] INFO: 🚀 Edgenius backend running at http://localhost:8000
[2025-07-27T07:07:21.213Z] INFO: 🚀 Edgenius backend running at http://localhost:8000
[2025-07-27T07:12:59.601Z] INFO: 🚀 Edgenius backend running at http://localhost:8000
[2025-07-27T07:13:08.504Z] INFO: 🚀 Edgenius backend running at http://localhost:8000
[2025-07-27T07:13:10.524Z] INFO: 🚀 Edgenius backend running at http://localhost:8000
[2025-07-27T07:13:12.380Z] INFO: 🚀 Edgenius backend running at http://localhost:8000
[2025-07-27T07:23:03.444Z] INFO: 🚀 Edgenius backend running at http://localhost:8000
[2025-07-27T07:23:25.952Z] INFO: POST /api/auth/forget-password 404 164 - 1.569 ms
[2025-07-27T07:24:03.673Z] INFO: POST /api/auth/forgot-password 500 694 - 1136.805 ms
[2025-07-27T07:24:57.919Z] INFO: 🚀 Edgenius backend running at http://localhost:8000
[2025-07-27T07:25:01.774Z] INFO: 🚀 Edgenius backend running at http://localhost:8000
[2025-07-27T07:25:02.003Z] INFO: 🚀 Edgenius backend running at http://localhost:8000
[2025-07-27T07:25:05.785Z] INFO: POST /api/auth/forgot-password 500 544 - 1009.852 ms
[2025-07-27T07:26:22.085Z] INFO: 🚀 Edgenius backend running at http://localhost:8000
[2025-07-27T07:26:28.691Z] INFO: POST /api/auth/forgot-password 500 549 - 791.408 ms
[2025-07-27T07:26:34.693Z] INFO: 🚀 Edgenius backend running at http://localhost:8000
[2025-07-27T07:26:39.816Z] INFO: POST /api/auth/forgot-password 400 553 - 757.374 ms
[2025-07-27T07:27:07.601Z] INFO: 🚀 Edgenius backend running at http://localhost:8000
[2025-07-27T07:27:27.323Z] INFO: POST /api/auth/forgot-password 400 554 - 782.634 ms
[2025-07-27T07:28:15.729Z] INFO: 🚀 Edgenius backend running at http://localhost:8000
[2025-07-27T07:28:17.604Z] INFO: 🚀 Edgenius backend running at http://localhost:8000
[2025-07-27T07:28:24.942Z] INFO: POST /api/auth/forgot-password 200 102 - 4714.754 ms
[2025-07-27T07:30:53.468Z] INFO: POST /api/auth/reset-password 200 107 - 797.562 ms
[2025-07-27T07:30:59.445Z] INFO: POST /api/auth/signin 401 389 - 318.128 ms
[2025-07-27T07:33:31.771Z] INFO: 🚀 Edgenius backend running at http://localhost:8000
[2025-07-27T07:33:52.078Z] INFO: 🚀 Edgenius backend running at http://localhost:8000
[2025-07-27T07:34:01.834Z] INFO: 🚀 Edgenius backend running at http://localhost:8000
[2025-07-27T07:34:03.257Z] INFO: 🚀 Edgenius backend running at http://localhost:8000
[2025-07-27T07:34:10.348Z] INFO: 🚀 Edgenius backend running at http://localhost:8000
[2025-07-27T07:34:11.603Z] INFO: 🚀 Edgenius backend running at http://localhost:8000
[2025-07-27T07:34:16.167Z] INFO: 🚀 Edgenius backend running at http://localhost:8000
[2025-07-27T07:34:17.441Z] INFO: 🚀 Edgenius backend running at http://localhost:8000
[2025-07-27T07:34:22.308Z] INFO: POST /api/auth/signin 500 399 - 921.733 ms
[2025-07-27T07:34:32.818Z] INFO: 🚀 Edgenius backend running at http://localhost:8000
[2025-07-27T07:34:44.084Z] INFO: 🚀 Edgenius backend running at http://localhost:8000
[2025-07-27T07:34:47.530Z] INFO: 🚀 Edgenius backend running at http://localhost:8000
[2025-07-27T07:35:05.940Z] INFO: 🚀 Edgenius backend running at http://localhost:8000
[2025-07-27T07:35:07.952Z] INFO: 🚀 Edgenius backend running at http://localhost:8000
[2025-07-27T07:35:12.967Z] INFO: POST /api/auth/signin 401 84 - 882.157 ms
[2025-07-27T07:35:28.317Z] INFO: POST /api/auth/signin 200 218 - 607.210 ms
[2025-07-28T02:04:25.367Z] INFO: 🚀 Edgenius backend running at http://localhost:8000
[2025-07-28T02:12:05.125Z] INFO: 🚀 Edgenius backend running at http://localhost:8000
[2025-07-28T02:12:42.964Z] INFO: 🚀 Edgenius backend running at http://localhost:6000
[2025-07-28T02:14:13.046Z] INFO: 🚀 Edgenius backend running at http://localhost:6000
[2025-07-28T02:14:34.404Z] INFO: 🚀 Edgenius backend running at http://localhost:5000
[2025-07-28T02:14:46.181Z] INFO: 🚀 Edgenius backend running at http://localhost:5000
[2025-07-28T02:14:51.753Z] INFO: GET / 200 28 - 1.412 ms
[2025-07-28T02:14:51.802Z] INFO: GET /favicon.ico 404 150 - 2.268 ms
=======
[2025-07-21T05:22:54.823Z] INFO: 🚀 Edgenius backend running at http://localhost:8000
[2025-07-27T08:21:58.812Z] INFO: 🚀 Edgenius backend running at http://localhost:8000
[2025-07-27T08:25:21.864Z] INFO: 🚀 Edgenius backend running at http://localhost:8000
[2025-07-27T08:25:41.448Z] INFO: POST /api/auth/signup 400 102 - 16.135 ms
[2025-07-27T08:26:07.279Z] INFO: POST /api/auth/signup 400 101 - 7.040 ms
[2025-07-27T08:27:25.770Z] INFO: POST /api/auth/signup 400 102 - 4.124 ms
[2025-07-27T08:31:22.190Z] INFO: POST /api/auth/signup 400 102 - 1.685 ms
[2025-07-27T08:33:36.682Z] INFO: POST /api/auth/signup 400 159 - 2.682 ms
[2025-07-27T08:42:46.513Z] INFO: POST /api/auth/signup 400 102 - 1.861 ms
[2025-07-27T08:44:35.554Z] INFO: POST /api/auth/signup 400 101 - 1.852 ms
[2025-07-27T08:45:52.366Z] INFO: POST /api/auth/signup 400 101 - 1.815 ms
[2025-07-27T08:50:16.579Z] INFO: POST /api/auth/signup 400 101 - 3.839 ms
[2025-07-27T08:54:59.727Z] INFO: POST /api/auth/signup 400 99 - 2.075 ms
[2025-07-27T09:18:46.062Z] INFO: 🚀 Edgenius backend running at http://localhost:8000
[2025-07-31T05:11:36.987Z] INFO: 🚀 Edgenius backend running at http://localhost:8000
[2025-07-31T05:12:57.827Z] INFO: 🚀 Edgenius backend running at http://localhost:8000
[2025-07-31T05:12:59.266Z] INFO: 🚀 Edgenius backend running at http://localhost:8000
[2025-07-31T05:13:27.888Z] INFO: 🚀 Edgenius backend running at http://localhost:8000
[2025-07-31T12:14:11.641Z] INFO: 🚀 Edgenius backend running at http://localhost:8000
[2025-07-31T17:05:38.543Z] INFO: 🚀 Edgenius backend running at http://localhost:8000
>>>>>>> roshni
[2025-07-31T12:08:00.472Z] INFO: 🚀 Edgenius backend running at http://localhost:8000
[2025-07-31T16:56:02.220Z] INFO: 🚀 Edgenius backend running at http://localhost:8000
[2025-07-31T16:56:21.785Z] INFO: 🚀 Edgenius backend running at http://localhost:8000
[2025-07-31T16:56:38.970Z] INFO: 🚀 Edgenius backend running at http://localhost:8000
[2025-07-31T16:57:59.697Z] INFO: 🚀 Edgenius backend running at http://localhost:8000
[2025-07-31T17:03:07.018Z] INFO: 🚀 Edgenius backend running at http://localhost:8000
[2025-07-31T17:03:12.712Z] INFO: 🚀 Edgenius backend running at http://localhost:8000
[2025-07-31T17:03:13.784Z] INFO: 🚀 Edgenius backend running at http://localhost:8000
[2025-07-31T17:03:43.530Z] INFO: 🚀 Edgenius backend running at http://localhost:8000
[2025-07-31T17:04:09.204Z] INFO: 🚀 Edgenius backend running at http://localhost:8000
[2025-07-31T17:04:38.985Z] INFO: 🚀 Edgenius backend running at http://localhost:8000
[2025-07-31T17:04:51.904Z] INFO: 🚀 Edgenius backend running at http://localhost:8000
[2025-07-31T17:05:01.117Z] INFO: 🚀 Edgenius backend running at http://localhost:8000
[2025-07-31T17:05:05.041Z] INFO: 🚀 Edgenius backend running at http://localhost:8000
[2025-07-31T17:05:25.941Z] INFO: 🚀 Edgenius backend running at http://localhost:8000
[2025-07-31T17:05:37.025Z] INFO: 🚀 Edgenius backend running at http://localhost:8000
[2025-07-31T17:05:44.446Z] INFO: 🚀 Edgenius backend running at http://localhost:8000
[2025-07-31T17:05:55.804Z] INFO: 🚀 Edgenius backend running at http://localhost:8000
[2025-07-31T17:05:58.112Z] INFO: 🚀 Edgenius backend running at http://localhost:8000
[2025-07-31T17:06:02.204Z] INFO: 🚀 Edgenius backend running at http://localhost:8000
[2025-07-31T17:06:11.175Z] INFO: 🚀 Edgenius backend running at http://localhost:8000
[2025-07-31T17:06:15.573Z] INFO: 🚀 Edgenius backend running at http://localhost:8000
[2025-07-31T17:06:31.381Z] INFO: 🚀 Edgenius backend running at http://localhost:8000
[2025-07-31T17:06:52.537Z] INFO: 🚀 Edgenius backend running at http://localhost:8000
[2025-07-31T17:07:07.575Z] INFO: 🚀 Edgenius backend running at http://localhost:8000
[2025-07-31T17:07:26.136Z] INFO: 🚀 Edgenius backend running at http://localhost:8000
[2025-07-31T17:08:06.221Z] INFO: 🚀 Edgenius backend running at http://localhost:8000
[2025-07-31T17:09:34.074Z] INFO: 🚀 Edgenius backend running at http://localhost:8000
[2025-07-31T17:12:51.700Z] INFO: 🚀 Edgenius backend running at http://localhost:8000
[2025-07-31T17:19:49.417Z] INFO: POST /api/auth/signin 200 244 - 2091.718 ms
[2025-07-31T17:21:57.740Z] INFO: 🚀 Edgenius backend running at http://localhost:8000
[2025-07-31T17:22:47.884Z] INFO: 🚀 Edgenius backend running at http://localhost:8000
[2025-07-31T17:34:39.696Z] INFO: 🚀 Edgenius backend running at http://localhost:8000
[2025-07-31T17:39:22.515Z] INFO: 🚀 Edgenius backend running at http://localhost:8000
[2025-07-31T17:39:38.421Z] INFO: 🚀 Edgenius backend running at http://localhost:8000
[2025-07-31T17:42:18.020Z] INFO: POST /api/course 404 150 - 5.282 ms
[2025-07-31T17:42:42.843Z] INFO: POST /api/courses 500 2701 - 4226.880 ms
[2025-07-31T17:43:10.239Z] INFO: POST /api/courses 500 2703 - 2968.284 ms
[2025-07-31T17:44:11.490Z] INFO: 🚀 Edgenius backend running at http://localhost:8000
[2025-07-31T17:44:19.518Z] INFO: POST /api/courses 201 629 - 4119.993 ms
[2025-07-31T17:45:21.365Z] INFO: GET /api/courses 200 63 - 246.123 ms
[2025-07-31T17:46:05.338Z] INFO: GET /api/courses 200 884 - 310.291 ms
[2025-07-31T17:47:13.518Z] INFO: POST /api/courses/mastering-javascript-from-beginner-to-advanced 404 198 - 4.489 ms
[2025-07-31T17:47:25.589Z] INFO: GET /api/courses/mastering-javascript-from-beginner-to-advanced 200 895 - 390.737 ms
[2025-07-31T18:13:30.378Z] INFO: 🚀 Edgenius backend running at http://localhost:8000
[2025-07-31T18:13:37.575Z] INFO: POST /api/courses 409 497 - 3223.547 ms
[2025-07-31T18:13:45.524Z] INFO: GET /api/courses 200 884 - 302.491 ms
[2025-07-31T18:14:07.206Z] INFO: POST /api/module/cce8c496-975b-4235-82f4-42dfdc610712 403 78 - 2.952 ms
[2025-07-31T18:14:36.101Z] INFO: 🚀 Edgenius backend running at http://localhost:8000
[2025-07-31T18:14:39.497Z] INFO: POST /api/module/cce8c496-975b-4235-82f4-42dfdc610712 403 78 - 12.265 ms
[2025-07-31T18:15:37.328Z] INFO: 🚀 Edgenius backend running at http://localhost:8000
[2025-07-31T18:15:47.880Z] INFO: POST /api/auth/signin 200 261 - 2471.853 ms
[2025-07-31T18:15:56.686Z] INFO: POST /api/module/cce8c496-975b-4235-82f4-42dfdc610712 201 284 - 625.014 ms
[2025-07-31T18:17:29.683Z] INFO: GET /api/module/cce8c496-975b-4235-82f4-42dfdc610712 200 279 - 295.868 ms
[2025-07-31T18:18:42.194Z] INFO: POST /api/module/update/cce8c496-975b-4235-82f4-42dfdc610712 404 194 - 1.250 ms
[2025-07-31T18:18:47.200Z] INFO: PUT /api/module/update/cce8c496-975b-4235-82f4-42dfdc610712 404 476 - 221.620 ms
[2025-07-31T18:19:12.014Z] INFO: PUT /api/module/update/cce8c496-975b-4235-82f4-42dfdc610712 404 476 - 148.469 ms
[2025-07-31T18:19:50.128Z] INFO: PUT /api/module/update/1ab2ce28-206b-4f05-a901-2f5205ee029f 200 291 - 291.842 ms
[2025-07-31T18:25:08.898Z] INFO: 🚀 Edgenius backend running at http://localhost:8000
[2025-07-31T18:25:28.330Z] INFO: 🚀 Edgenius backend running at http://localhost:8000
[2025-07-31T18:25:40.826Z] INFO: 🚀 Edgenius backend running at http://localhost:8000
[2025-07-31T18:25:54.310Z] INFO: 🚀 Edgenius backend running at http://localhost:8000
[2025-07-31T18:26:11.316Z] INFO: 🚀 Edgenius backend running at http://localhost:8000
[2025-07-31T18:26:22.340Z] INFO: GET /api/module/cce8c496-975b-4235-82f4-42dfdc61071 200 75 - 1158.206 ms
[2025-07-31T18:26:44.148Z] INFO: 🚀 Edgenius backend running at http://localhost:8000
[2025-07-31T18:26:57.726Z] INFO: 🚀 Edgenius backend running at http://localhost:8000
[2025-07-31T18:27:03.807Z] INFO: 🚀 Edgenius backend running at http://localhost:8000
[2025-07-31T18:27:18.349Z] INFO: 🚀 Edgenius backend running at http://localhost:8000
[2025-07-31T18:27:20.261Z] INFO: 🚀 Edgenius backend running at http://localhost:8000
[2025-07-31T18:27:24.358Z] INFO: 🚀 Edgenius backend running at http://localhost:8000
[2025-07-31T18:31:14.575Z] INFO: 🚀 Edgenius backend running at http://localhost:8000
[2025-07-31T18:31:15.885Z] INFO: 🚀 Edgenius backend running at http://localhost:8000
[2025-07-31T18:31:42.446Z] INFO: 🚀 Edgenius backend running at http://localhost:8000
[2025-07-31T18:31:52.815Z] INFO: 🚀 Edgenius backend running at http://localhost:8000
[2025-07-31T18:32:08.175Z] INFO: 🚀 Edgenius backend running at http://localhost:8000
[2025-07-31T18:32:26.197Z] INFO: 🚀 Edgenius backend running at http://localhost:8000
[2025-07-31T18:32:39.221Z] INFO: 🚀 Edgenius backend running at http://localhost:8000
[2025-07-31T18:34:50.664Z] INFO: 🚀 Edgenius backend running at http://localhost:8000
[2025-07-31T18:35:02.253Z] INFO: 🚀 Edgenius backend running at http://localhost:8000
[2025-07-31T18:35:20.297Z] INFO: 🚀 Edgenius backend running at http://localhost:8000
[2025-07-31T18:36:01.340Z] INFO: 🚀 Edgenius backend running at http://localhost:8000
[2025-07-31T18:36:18.723Z] INFO: 🚀 Edgenius backend running at http://localhost:8000
[2025-07-31T18:36:58.192Z] INFO: 🚀 Edgenius backend running at http://localhost:8000
[2025-07-31T18:37:01.751Z] INFO: 🚀 Edgenius backend running at http://localhost:8000
[2025-07-31T18:37:14.770Z] INFO: 🚀 Edgenius backend running at http://localhost:8000
[2025-07-31T18:37:45.500Z] INFO: 🚀 Edgenius backend running at http://localhost:8000
[2025-07-31T18:37:58.256Z] INFO: 🚀 Edgenius backend running at http://localhost:8000
[2025-07-31T18:39:04.864Z] INFO: 🚀 Edgenius backend running at http://localhost:8000
[2025-07-31T18:43:43.512Z] INFO: 🚀 Edgenius backend running at http://localhost:8000
[2025-07-31T18:44:41.980Z] INFO: GET /api/module/cce8c496-975b-4235-82f4-42dfdc610712 200 286 - 1319.879 ms
[2025-07-31T18:46:51.849Z] INFO: POST /api/lesson/create 201 401 - 12273.389 ms
[2025-07-31T19:01:53.456Z] INFO: 🚀 Edgenius backend running at http://localhost:8000
[2025-07-31T19:02:12.019Z] INFO: 🚀 Edgenius backend running at http://localhost:8000
[2025-07-31T19:02:37.413Z] INFO: 🚀 Edgenius backend running at http://localhost:8000
[2025-07-31T19:02:52.114Z] INFO: 🚀 Edgenius backend running at http://localhost:8000
[2025-07-31T19:03:04.431Z] INFO: 🚀 Edgenius backend running at http://localhost:8000
[2025-07-31T19:03:10.818Z] INFO: 🚀 Edgenius backend running at http://localhost:8000
[2025-07-31T19:03:18.199Z] INFO: 🚀 Edgenius backend running at http://localhost:8000
[2025-07-31T19:03:25.997Z] INFO: 🚀 Edgenius backend running at http://localhost:8000
[2025-07-31T19:04:03.108Z] INFO: 🚀 Edgenius backend running at http://localhost:8000
[2025-07-31T19:04:34.643Z] INFO: 🚀 Edgenius backend running at http://localhost:8000
[2025-07-31T19:06:03.506Z] INFO: POST /api/lesson/1ab2ce28-206b-4f05-a901-2f5205ee029f 404 187 - 6.320 ms
[2025-07-31T19:06:11.028Z] INFO: GET /api/lesson/1ab2ce28-206b-4f05-a901-2f5205ee029f 200 404 - 1360.927 ms
[2025-07-31T19:07:30.191Z] INFO: PUT /api/lesson/51157a5b-20d6-45c4-981b-f9eab7a5eab5 200 400 - 616.542 ms
[2025-07-31T19:11:28.288Z] INFO: 🚀 Edgenius backend running at http://localhost:8000
[2025-07-31T19:12:21.836Z] INFO: GET /api/courses/mastering-javascript-from-beginner-to-advanced 200 1480 - 1172.421 ms
=======
[2025-07-21T05:22:54.823Z] INFO: 🚀 Edgenius backend running at http://localhost:8000
[2025-07-27T08:21:58.812Z] INFO: 🚀 Edgenius backend running at http://localhost:8000
[2025-07-27T08:25:21.864Z] INFO: 🚀 Edgenius backend running at http://localhost:8000
[2025-07-27T08:25:41.448Z] INFO: POST /api/auth/signup 400 102 - 16.135 ms
[2025-07-27T08:26:07.279Z] INFO: POST /api/auth/signup 400 101 - 7.040 ms
[2025-07-27T08:27:25.770Z] INFO: POST /api/auth/signup 400 102 - 4.124 ms
[2025-07-27T08:31:22.190Z] INFO: POST /api/auth/signup 400 102 - 1.685 ms
[2025-07-27T08:33:36.682Z] INFO: POST /api/auth/signup 400 159 - 2.682 ms
[2025-07-27T08:42:46.513Z] INFO: POST /api/auth/signup 400 102 - 1.861 ms
[2025-07-27T08:44:35.554Z] INFO: POST /api/auth/signup 400 101 - 1.852 ms
[2025-07-27T08:45:52.366Z] INFO: POST /api/auth/signup 400 101 - 1.815 ms
[2025-07-27T08:50:16.579Z] INFO: POST /api/auth/signup 400 101 - 3.839 ms
[2025-07-27T08:54:59.727Z] INFO: POST /api/auth/signup 400 99 - 2.075 ms
[2025-07-27T09:18:46.062Z] INFO: 🚀 Edgenius backend running at http://localhost:8000
[2025-07-31T05:11:36.987Z] INFO: 🚀 Edgenius backend running at http://localhost:8000
[2025-07-31T05:12:57.827Z] INFO: 🚀 Edgenius backend running at http://localhost:8000
[2025-07-31T05:12:59.266Z] INFO: 🚀 Edgenius backend running at http://localhost:8000
[2025-07-31T05:13:27.888Z] INFO: 🚀 Edgenius backend running at http://localhost:8000
[2025-07-31T12:14:11.641Z] INFO: 🚀 Edgenius backend running at http://localhost:8000
[2025-07-31T17:05:38.543Z] INFO: 🚀 Edgenius backend running at http://localhost:8000
[2025-07-31T17:16:28.157Z] INFO: 🚀 Edgenius backend running at http://localhost:8000
[2025-08-01T02:41:56.952Z] INFO: 🚀 Edgenius backend running at http://localhost:8000
[2025-08-02T04:29:54.971Z] INFO: 🚀 Edgenius backend running at http://localhost:8000
>>>>>>> e99f99e (Instructor)
[2025-08-02T05:08:15.566Z] INFO: 🚀 Edgenius backend running at http://localhost:8000
[2025-08-11T08:32:00.063Z] INFO: 🚀 Edgenius backend running at http://localhost:8000
[2025-08-11T08:34:05.606Z] INFO: 🚀 Edgenius backend running at http://localhost:8000
[2025-08-11T08:34:44.080Z] INFO: 🚀 Edgenius backend running at http://localhost:8000
[2025-08-11T08:35:39.616Z] INFO: 🚀 Edgenius backend running at http://localhost:8000
[2025-08-11T16:53:39.961Z] INFO: 🚀 Edgenius backend running at http://localhost:8000
[2025-08-11T17:21:01.710Z] INFO: 🚀 Edgenius backend running at http://localhost:8000
[2025-08-12T09:43:10.617Z] INFO: 🚀 Edgenius backend running at http://localhost:8000
[2025-08-16T04:19:21.108Z] INFO: 🚀 Edgenius backend running at http://localhost:8000
[2025-08-17T05:29:24.962Z] INFO: 🚀 Edgenius backend running at http://localhost:8000
[2025-08-18T09:57:24.496Z] INFO: 🚀 Edgenius backend running at http://localhost:8000
[2025-08-18T10:07:47.197Z] INFO: 🚀 Edgenius backend running at http://localhost:8000
[2025-08-18T10:27:32.753Z] INFO: 🚀 Edgenius backend running at http://localhost:8000
[2025-08-18T10:27:41.259Z] INFO: 🚀 Edgenius backend running at http://localhost:8000
[2025-08-18T12:46:08.720Z] INFO: 🚀 Edgenius backend running at http://localhost:8000
[2025-08-18T12:47:47.982Z] INFO: POST /auth/signup 404 151 - 4.668 ms
[2025-08-18T12:48:38.230Z] INFO: POST /api/auth/signup 409 102 - 2775.521 ms
[2025-08-18T12:51:44.126Z] INFO: POST /api/auth/signup 201 742 - 5861.628 ms
[2025-08-18T12:53:30.816Z] INFO: POST /api/auth/signup 201 742 - 5208.791 ms
[2025-08-18T12:54:01.322Z] INFO: POST /api/auth/signup 409 114 - 1094.640 ms
[2025-08-18T12:56:04.026Z] INFO: POST /api/auth/signup 201 742 - 6233.323 ms
[2025-08-18T13:02:49.488Z] INFO: POST /api/auth/signin 200 261 - 2390.620 ms
[2025-08-18T13:03:06.123Z] INFO: POST /api/auth/signin 401 84 - 601.529 ms
[2025-08-18T13:03:30.118Z] INFO: POST /api/auth/signin 403 77 - 177.156 ms
[2025-08-18T13:03:50.671Z] INFO: POST /api/auth/signin 403 77 - 153.450 ms
[2025-08-18T13:04:21.936Z] INFO: 🚀 Edgenius backend running at http://localhost:8000
[2025-08-18T13:05:07.552Z] INFO: GET /api/auth/verify-email/eyJhbGciOiJIUzI1NiIsInR5cCI6IkpXVCJ9.eyJpYXQiOjE3NTU1MjE3NTgsImV4cCI6MTc1NTYwODE1OH0.V3TPr3aoHOKOhdxAIJzUUnfdbW__-hidl--9CCizX9o 302 73 - 2532.232 ms
[2025-08-18T13:05:24.235Z] INFO: POST /api/auth/signin 200 351 - 1250.877 ms
[2025-08-18T13:05:56.584Z] INFO: POST /api/auth/signin 200 351 - 1110.800 ms
[2025-08-18T13:06:52.728Z] INFO: POST /api/auth/signin 200 351 - 1049.046 ms
[2025-08-18T13:08:52.291Z] INFO: POST /api/auth/signin 200 351 - 1096.042 ms
[2025-08-18T13:21:18.163Z] INFO: POST /api/auth/signin 200 351 - 3243.441 ms
[2025-08-18T13:22:27.663Z] INFO: POST /api/auth/signin 200 351 - 1920.703 ms
[2025-08-18T13:25:15.336Z] INFO: POST /api/auth/signin 200 351 - 2223.685 ms
[2025-08-18T17:38:25.259Z] INFO: 🚀 Edgenius backend running at http://localhost:8000
[2025-08-18T17:39:54.546Z] INFO: POST /api/auth/signin 401 84 - 2979.235 ms
[2025-08-18T17:43:12.307Z] INFO: 🚀 Edgenius backend running at http://localhost:8000
[2025-08-18T17:43:29.039Z] INFO: 🚀 Edgenius backend running at http://localhost:8000
[2025-08-18T17:43:56.512Z] INFO: POST /api/auth/signin 200 310 - 1102.529 ms
[2025-08-18T17:44:06.491Z] INFO: POST /api/auth/signin 200 310 - 370.179 ms
[2025-08-18T17:46:12.868Z] INFO: 🚀 Edgenius backend running at http://localhost:8000
[2025-08-18T17:46:25.994Z] INFO: 🚀 Edgenius backend running at http://localhost:8000
[2025-08-18T17:46:30.361Z] INFO: POST /api/auth/signin 200 325 - 960.870 ms
[2025-08-18T17:46:57.322Z] INFO: POST /api/auth/signin 200 325 - 434.049 ms
[2025-08-18T17:47:43.329Z] INFO: POST /api/auth/signin 200 325 - 433.680 ms
[2025-08-18T17:48:12.148Z] INFO: POST /api/auth/signin 200 325 - 440.500 ms
[2025-08-18T17:52:57.911Z] INFO: POST /api/auth/signin 500 1717 - 5009.897 ms
[2025-08-18T17:55:25.747Z] INFO: POST /api/auth/signin 200 325 - 4627.122 ms
[2025-08-18T18:02:01.066Z] INFO: 🚀 Edgenius backend running at http://localhost:8000
[2025-08-18T18:02:19.541Z] INFO: 🚀 Edgenius backend running at http://localhost:8000
[2025-08-18T18:03:33.871Z] INFO: 🚀 Edgenius backend running at http://localhost:8000
[2025-08-18T18:04:44.784Z] INFO: POST /api/auth/signin 200 325 - 2084.615 ms
[2025-08-18T18:04:44.849Z] INFO: GET /auth/status 404 150 - 1.736 ms
[2025-08-18T18:04:44.854Z] INFO: GET /auth/status 404 150 - 1.402 ms
[2025-08-18T18:05:05.005Z] INFO: POST /api/auth/signin 200 325 - 456.891 ms
[2025-08-18T18:05:05.057Z] INFO: GET /api/auth/status 500 1623 - 0.913 ms
[2025-08-18T18:05:05.062Z] INFO: GET /api/auth/status 500 1623 - 0.595 ms
[2025-08-18T18:06:39.541Z] INFO: 🚀 Edgenius backend running at http://localhost:8000
[2025-08-18T18:07:07.970Z] INFO: 🚀 Edgenius backend running at http://localhost:8000
[2025-08-18T18:07:42.222Z] INFO: 🚀 Edgenius backend running at http://localhost:8000
[2025-08-18T18:07:54.525Z] INFO: POST /api/auth/signin 200 325 - 1007.619 ms
[2025-08-18T18:07:54.591Z] INFO: GET /api/auth/status 200 152 - 4.444 ms
[2025-08-18T18:07:54.599Z] INFO: GET /api/auth/status 304 - - 3.142 ms
[2025-08-18T18:08:48.150Z] INFO: POST /api/auth/signin 200 325 - 444.015 ms
[2025-08-18T18:08:48.217Z] INFO: GET /api/auth/status 304 - - 5.639 ms
[2025-08-18T18:08:48.236Z] INFO: GET /api/auth/status 304 - - 3.619 ms
[2025-08-18T18:09:20.993Z] INFO: POST /api/auth/signin 200 325 - 443.512 ms
[2025-08-18T18:09:21.052Z] INFO: GET /api/auth/status 304 - - 1.273 ms
[2025-08-18T18:09:21.062Z] INFO: GET /api/auth/status 304 - - 1.619 ms
[2025-08-18T18:10:17.293Z] INFO: POST /api/auth/signin 200 325 - 444.179 ms
[2025-08-18T18:10:17.389Z] INFO: GET /api/auth/status 304 - - 2.448 ms
[2025-08-18T18:10:17.397Z] INFO: GET /api/auth/status 304 - - 2.253 ms
[2025-08-18T18:10:49.380Z] INFO: POST /api/auth/signin 200 325 - 436.836 ms
[2025-08-18T18:10:49.434Z] INFO: GET /api/auth/status 304 - - 2.455 ms
[2025-08-18T18:10:49.438Z] INFO: GET /api/auth/status 304 - - 1.311 ms
[2025-08-18T18:11:03.153Z] INFO: GET /api/auth/status 304 - - 1.447 ms
[2025-08-18T18:11:03.162Z] INFO: GET /api/auth/status 304 - - 1.745 ms
[2025-08-18T18:11:16.657Z] INFO: POST /api/auth/signin 200 325 - 437.087 ms
[2025-08-18T18:11:16.719Z] INFO: GET /api/auth/status 304 - - 1.406 ms
[2025-08-18T18:11:16.727Z] INFO: GET /api/auth/status 304 - - 1.737 ms
[2025-08-18T18:11:48.007Z] INFO: POST /api/auth/signin 200 325 - 436.569 ms
[2025-08-18T18:11:48.057Z] INFO: GET /api/auth/status 304 - - 1.072 ms
[2025-08-18T18:11:48.073Z] INFO: GET /api/auth/status 304 - - 1.093 ms
[2025-08-18T18:12:05.101Z] INFO: POST /api/auth/signin 200 325 - 440.919 ms
[2025-08-18T18:12:05.161Z] INFO: GET /api/auth/status 304 - - 1.634 ms
[2025-08-18T18:12:05.166Z] INFO: GET /api/auth/status 304 - - 1.221 ms
[2025-08-18T18:12:37.510Z] INFO: POST /api/auth/signin 200 325 - 451.996 ms
[2025-08-18T18:12:37.585Z] INFO: GET /api/auth/status 304 - - 1.858 ms
[2025-08-18T18:12:37.593Z] INFO: GET /api/auth/status 304 - - 1.782 ms
[2025-08-18T18:12:51.948Z] INFO: POST /api/auth/signin 200 325 - 361.945 ms
[2025-08-18T18:12:52.020Z] INFO: GET /api/auth/status 304 - - 7.746 ms
[2025-08-18T18:12:52.027Z] INFO: GET /api/auth/status 304 - - 1.957 ms
[2025-08-18T18:13:30.684Z] INFO: POST /api/auth/signin 200 325 - 3047.369 ms
[2025-08-18T18:13:30.745Z] INFO: GET /api/auth/status 304 - - 1.151 ms
[2025-08-18T18:13:30.750Z] INFO: GET /api/auth/status 304 - - 2.432 ms
[2025-08-18T18:13:36.740Z] INFO: GET /api/auth/status 304 - - 0.794 ms
[2025-08-18T18:13:36.743Z] INFO: GET /api/auth/status 304 - - 0.758 ms
[2025-08-18T18:14:08.654Z] INFO: POST /api/auth/signin 200 235 - 438.169 ms
[2025-08-18T18:14:08.694Z] INFO: GET /api/auth/status 200 163 - 1.802 ms
[2025-08-18T18:14:08.700Z] INFO: GET /api/auth/status 304 - - 1.377 ms
[2025-08-18T18:15:30.557Z] INFO: POST /api/auth/signin 401 39 - 438.931 ms
[2025-08-18T18:15:54.533Z] INFO: POST /api/auth/signin 200 235 - 431.129 ms
[2025-08-18T18:15:54.591Z] INFO: GET /api/auth/status 304 - - 1.513 ms
[2025-08-18T18:15:54.595Z] INFO: GET /api/auth/status 304 - - 1.325 ms
[2025-08-18T18:17:53.316Z] INFO: POST /api/auth/signin 200 235 - 427.595 ms
[2025-08-18T18:17:53.378Z] INFO: GET /api/auth/status 304 - - 1.379 ms
[2025-08-18T18:17:53.383Z] INFO: GET /api/auth/status 304 - - 1.561 ms
[2025-08-18T18:23:30.258Z] INFO: POST /api/auth/signin 200 235 - 1765.401 ms
[2025-08-18T18:23:30.321Z] INFO: GET /api/auth/status 304 - - 2.302 ms
[2025-08-18T18:23:30.326Z] INFO: GET /api/auth/status 304 - - 1.702 ms
[2025-08-18T18:24:37.926Z] INFO: POST /api/auth/signin 200 235 - 435.384 ms
[2025-08-18T18:24:37.975Z] INFO: GET /api/auth/status 304 - - 1.106 ms
[2025-08-18T18:24:37.981Z] INFO: GET /api/auth/status 304 - - 1.759 ms
[2025-08-18T18:26:47.344Z] INFO: 🚀 Edgenius backend running at http://localhost:8000
[2025-08-18T18:46:30.302Z] INFO: POST /api/auth/google-signin 500 313 - 1545.871 ms
[2025-08-18T18:48:44.426Z] INFO: 🚀 Edgenius backend running at http://localhost:8000
[2025-08-18T18:48:54.274Z] INFO: 🚀 Edgenius backend running at http://localhost:8000
[2025-08-18T18:48:55.766Z] INFO: 🚀 Edgenius backend running at http://localhost:8000
[2025-08-18T18:49:05.075Z] INFO: POST /api/auth/google-signin 500 478 - 938.546 ms
[2025-08-18T18:49:35.555Z] INFO: 🚀 Edgenius backend running at http://localhost:8000
[2025-08-18T18:49:46.066Z] INFO: POST /api/auth/google-signin 500 652 - 938.056 ms
[2025-08-18T18:51:56.524Z] INFO: 🚀 Edgenius backend running at http://localhost:8000
[2025-08-18T18:52:11.431Z] INFO: POST /api/auth/google-signin 200 458 - 899.681 ms
[2025-08-18T18:52:11.484Z] INFO: GET /api/auth/status 200 121 - 15.512 ms
[2025-08-18T18:52:11.493Z] INFO: GET /api/auth/status 304 - - 3.798 ms
[2025-08-18T18:52:43.794Z] INFO: 🚀 Edgenius backend running at http://localhost:8000
[2025-08-18T18:54:25.437Z] INFO: 🚀 Edgenius backend running at http://localhost:8000
[2025-08-18T18:54:59.892Z] INFO: POST /api/auth/google-signin 200 458 - 905.391 ms
[2025-08-18T18:54:59.971Z] INFO: GET /api/auth/status 200 149 - 12.673 ms
[2025-08-18T18:54:59.982Z] INFO: GET /api/auth/status 304 - - 2.981 ms
[2025-08-18T18:57:35.304Z] INFO: POST /api/auth/signin 200 325 - 503.358 ms
[2025-08-18T18:57:35.384Z] INFO: GET /api/auth/status 200 152 - 8.699 ms
[2025-08-18T18:57:35.398Z] INFO: GET /api/auth/status 304 - - 1.511 ms
[2025-08-18T19:02:25.920Z] INFO: GET /api/auth/status 304 - - 3.736 ms
[2025-08-18T19:02:25.926Z] INFO: GET /api/auth/status 304 - - 0.926 ms
[2025-08-18T19:07:00.226Z] INFO: GET /api/auth/status 304 - - 1.232 ms
[2025-08-18T19:07:00.232Z] INFO: GET /api/auth/status 304 - - 3.108 ms
[2025-08-18T19:11:41.117Z] INFO: GET /api/auth/status 304 - - 1.150 ms
[2025-08-18T19:11:41.121Z] INFO: GET /api/auth/status 304 - - 1.796 ms
[2025-08-18T19:11:58.000Z] INFO: GET /api/auth/status 304 - - 1.210 ms
[2025-08-18T19:11:58.010Z] INFO: GET /api/auth/status 304 - - 2.911 ms
[2025-08-18T19:16:41.012Z] INFO: GET /api/auth/status 304 - - 1.844 ms
[2025-08-18T19:16:41.017Z] INFO: GET /api/auth/status 304 - - 1.959 ms
[2025-08-19T02:57:52.368Z] INFO: 🚀 Edgenius backend running at http://localhost:8000
[2025-08-19T03:00:04.350Z] INFO: POST /api/auth/google-signin 200 458 - 1476.296 ms
[2025-08-19T03:00:04.411Z] INFO: GET /api/auth/status 200 149 - 8.457 ms
[2025-08-19T03:00:04.427Z] INFO: GET /api/auth/status 304 - - 5.400 ms
[2025-08-19T03:01:33.984Z] INFO: GET /api/auth/status 401 66 - 1.184 ms
[2025-08-19T03:01:33.990Z] INFO: GET /api/auth/status 401 66 - 0.299 ms
[2025-08-19T03:01:40.564Z] INFO: GET /api/auth/status 401 66 - 0.302 ms
[2025-08-19T03:01:40.566Z] INFO: GET /api/auth/status 401 66 - 0.291 ms
[2025-08-19T05:38:46.143Z] INFO: 🚀 Edgenius backend running at http://localhost:8000
[2025-08-19T05:47:12.581Z] INFO: 🚀 Edgenius backend running at http://localhost:8000
[2025-08-19T05:47:57.605Z] INFO: GET /api/auth/status 401 66 - 3.100 ms
[2025-08-19T05:47:57.607Z] INFO: GET /api/auth/status 401 66 - 0.402 ms
[2025-08-19T05:48:09.199Z] INFO: GET /api/auth/status 401 66 - 0.390 ms
[2025-08-19T05:48:09.206Z] INFO: GET /api/auth/status 401 66 - 0.965 ms
[2025-08-19T05:48:43.393Z] INFO: POST /api/auth/signin 200 325 - 2444.610 ms
[2025-08-19T05:48:43.449Z] INFO: GET /api/auth/status 200 152 - 3.456 ms
[2025-08-19T05:48:43.458Z] INFO: GET /api/auth/status 304 - - 3.405 ms
[2025-08-19T05:50:43.397Z] INFO: GET /api/auth/status 304 - - 1.398 ms
[2025-08-19T05:50:43.401Z] INFO: GET /api/auth/status 304 - - 1.334 ms
[2025-08-19T05:51:30.541Z] INFO: GET /api/auth/status 304 - - 1.449 ms
[2025-08-19T05:51:30.544Z] INFO: GET /api/auth/status 304 - - 1.050 ms
[2025-08-19T05:52:20.926Z] INFO: GET /api/auth/status 304 - - 1.557 ms
[2025-08-19T05:52:20.930Z] INFO: GET /api/auth/status 304 - - 1.165 ms
[2025-08-19T05:52:23.526Z] INFO: GET /api/auth/status 304 - - 1.358 ms
[2025-08-19T05:52:23.531Z] INFO: GET /api/auth/status 304 - - 2.475 ms
[2025-08-19T05:53:40.568Z] INFO: POST /api/auth/google-signin 200 451 - 2505.961 ms
[2025-08-19T05:53:40.592Z] INFO: GET /api/auth/status 200 142 - 3.459 ms
[2025-08-19T05:53:40.604Z] INFO: GET /api/auth/status 304 - - 2.933 ms
[2025-08-19T05:53:51.414Z] INFO: GET /api/auth/status 304 - - 1.372 ms
[2025-08-19T05:53:51.420Z] INFO: GET /api/auth/status 304 - - 2.608 ms
[2025-08-19T05:54:07.334Z] INFO: GET /api/auth/status 304 - - 2.257 ms
[2025-08-19T05:54:07.342Z] INFO: GET /api/auth/status 304 - - 3.258 ms
[2025-08-19T05:54:10.742Z] INFO: GET /api/auth/status 304 - - 1.607 ms
[2025-08-19T05:54:10.748Z] INFO: GET /api/auth/status 304 - - 2.457 ms
[2025-08-19T05:54:12.575Z] INFO: GET /api/auth/status 304 - - 1.317 ms
[2025-08-19T05:54:12.581Z] INFO: GET /api/auth/status 304 - - 2.821 ms
[2025-08-19T05:54:16.349Z] INFO: GET /api/auth/status 304 - - 2.157 ms
[2025-08-19T05:54:16.362Z] INFO: GET /api/auth/status 304 - - 3.136 ms
[2025-08-19T05:54:18.496Z] INFO: GET /api/auth/status 304 - - 1.346 ms
[2025-08-19T05:54:18.504Z] INFO: GET /api/auth/status 304 - - 2.066 ms
[2025-08-19T05:54:46.401Z] INFO: POST /api/auth/google-signin 200 451 - 1421.962 ms
[2025-08-19T05:54:46.430Z] INFO: GET /api/auth/status 304 - - 4.253 ms
[2025-08-19T05:54:46.440Z] INFO: GET /api/auth/status 304 - - 2.894 ms
[2025-08-19T05:57:43.648Z] INFO: POST /api/auth/signin 200 325 - 1158.224 ms
[2025-08-19T05:57:43.701Z] INFO: GET /api/auth/status 304 - - 2.998 ms
[2025-08-19T05:57:43.707Z] INFO: GET /api/auth/status 304 - - 1.533 ms
[2025-08-19T05:58:21.707Z] INFO: GET /api/auth/status 304 - - 1.557 ms
[2025-08-19T05:58:21.711Z] INFO: GET /api/auth/status 304 - - 1.398 ms
[2025-08-19T05:58:53.145Z] INFO: GET /api/auth/status 304 - - 2.135 ms
[2025-08-19T05:58:53.155Z] INFO: GET /api/auth/status 304 - - 2.657 ms
[2025-08-19T11:34:29.633Z] INFO: 🚀 Edgenius backend running at http://localhost:8000
[2025-08-19T11:35:02.647Z] INFO: POST /api/auth/google-signin 200 458 - 2514.330 ms
[2025-08-19T11:35:02.718Z] INFO: GET /api/auth/status 304 - - 26.707 ms
[2025-08-19T11:35:02.733Z] INFO: GET /api/auth/status 304 - - 3.903 ms
[2025-08-19T11:36:40.021Z] INFO: GET /api/auth/status 304 - - 2.541 ms
[2025-08-19T11:36:40.025Z] INFO: GET /api/auth/status 304 - - 1.295 ms
[2025-08-19T11:36:52.713Z] INFO: GET /api/auth/status 304 - - 2.095 ms
[2025-08-19T11:36:52.723Z] INFO: GET /api/auth/status 304 - - 2.809 ms
